---
source: src/lexer.rs
expression: "lex(\"end loop if else then let const break continue for do in action proc return run\")"
---
[
    Kw(
        End,
    ),
    Kw(
        Loop,
    ),
    Kw(
        If,
    ),
    Kw(
        Else,
    ),
    Kw(
        Then,
    ),
    Kw(
        Let,
    ),
    Kw(
        Const,
    ),
    Kw(
        Break,
    ),
    Kw(
        Continue,
    ),
    Kw(
        For,
    ),
    Kw(
        Do,
    ),
    Kw(
        In,
    ),
    Kw(
        Action,
    ),
    Kw(
        Proc,
    ),
    Kw(
        Return,
    ),
    Kw(
        Run,
    ),
]
